/**
 * @formout
 */

'use strict';

jest
  .enableAutomock()

const Y = require('Y');

const x = Y;
