const {
  a,
  b,
  b: c,
} = require('a');

const x = a(b, c);
