import {a, b, b as c} from 'a';

const x = a(b, c);
