import {Z} from 'A';
import {m} from 'B';

const y = Z + m;
