const X = require('X');
const {Y} = require('X');

const x = X + Y;
