import type {B as C, A as D} from 'AB';
import type {Foo} from 'Foo';

import {N as O, M as Q} from 'AB';

function foo(a: C, b: D, foo: Foo) {
  return [Q, O];
}

// @nolint
